stm32f4xx_hal_msp.c:67:6:HAL_MspInit	8	static
stm32f4xx_hal_msp.c:91:6:HAL_ADC_MspInit	48	static
stm32f4xx_hal_msp.c:146:6:HAL_ADC_MspDeInit	8	static
stm32f4xx_hal_msp.c:179:6:HAL_TIM_Encoder_MspInit	40	static
stm32f4xx_hal_msp.c:218:6:HAL_TIM_Base_MspInit	16	static
stm32f4xx_hal_msp.c:251:6:HAL_TIM_MspPostInit	32	static
stm32f4xx_hal_msp.c:283:6:HAL_TIM_Encoder_MspDeInit	8	static
stm32f4xx_hal_msp.c:314:6:HAL_TIM_Base_MspDeInit	0	static
stm32f4xx_hal_msp.c:353:6:HAL_UART_MspInit	40	static
stm32f4xx_hal_msp.c:392:6:HAL_UART_MspDeInit	8	static
