stm32f4xx_hal_msp.c:67:6:HAL_MspInit	8	static
stm32f4xx_hal_msp.c:91:6:HAL_ADC_MspInit	24	static
stm32f4xx_hal_msp.c:136:6:HAL_ADC_MspDeInit	8	static
stm32f4xx_hal_msp.c:164:6:HAL_I2C_MspInit	40	static
stm32f4xx_hal_msp.c:205:6:HAL_I2C_MspDeInit	8	static
stm32f4xx_hal_msp.c:239:6:HAL_TIM_Base_MspInit	24	static
stm32f4xx_hal_msp.c:292:6:HAL_TIM_Encoder_MspInit	40	static
stm32f4xx_hal_msp.c:325:6:HAL_TIM_MspPostInit	32	static
stm32f4xx_hal_msp.c:357:6:HAL_TIM_Base_MspDeInit	0	static
stm32f4xx_hal_msp.c:410:6:HAL_TIM_Encoder_MspDeInit	8	static
stm32f4xx_hal_msp.c:441:6:HAL_UART_MspInit	40	static
stm32f4xx_hal_msp.c:480:6:HAL_UART_MspDeInit	8	static
