main.c:112:5:main	96	static
main.c:253:6:SystemClock_Config	88	static
main.c:298:13:MX_ADC1_Init	24	static
main.c:348:13:MX_TIM2_Init	32	static
main.c:393:13:MX_TIM3_Init	64	static
main.c:452:13:MX_TIM4_Init	32	static
main.c:497:13:MX_TIM5_Init	56	static
main.c:546:13:MX_USART2_UART_Init	8	static
main.c:577:13:MX_DMA_Init	16	static
main.c:595:13:MX_GPIO_Init	48	static
main.c:640:6:HAL_GPIO_EXTI_Callback	16	static
main.c:656:9:UARTRecieveIT	16	static
main.c:668:6:HAL_UART_RxCpltCallback	24	static
main.c:696:7:EncoderVelocity_Update	40	static
main.c:730:6:HAL_TIM_PeriodElapsedCallback	32	static
main.c:799:10:micros	12	static
main.c:809:6:Error_Handler	4	static,ignoring_inline_asm
