main.c:99:5:main	96	static
main.c:225:6:SystemClock_Config	88	static
main.c:270:13:MX_ADC1_Init	24	static
main.c:320:13:MX_TIM1_Init	56	static
main.c:370:13:MX_TIM2_Init	32	static
main.c:415:13:MX_TIM3_Init	64	static
main.c:474:13:MX_USART2_UART_Init	8	static
main.c:505:13:MX_DMA_Init	16	static
main.c:523:13:MX_GPIO_Init	48	static
main.c:559:9:UARTRecieveIT	16	static
main.c:571:6:HAL_UART_RxCpltCallback	24	static
main.c:599:7:EncoderVelocity_Update	40	static
main.c:633:6:HAL_TIM_PeriodElapsedCallback	24	static
main.c:640:10:micros	12	static
main.c:650:6:Error_Handler	4	static,ignoring_inline_asm
